// Jest Snapshot v1, https://goo.gl/fbAQLP

exports[`Layout rendering Should match snapshot 1`] = `
Object {
  "asFragment": [Function],
  "baseElement": <body>
    <div>
      <div
        class="makeStyles-root-1"
      >
        <header
          class="MuiPaper-root MuiAppBar-root MuiAppBar-positionStatic MuiAppBar-colorPrimary MuiPaper-elevation4"
        >
          <div
            class="MuiToolbar-root MuiToolbar-regular MuiToolbar-gutters"
          >
            <h6
              class="MuiTypography-root makeStyles-title-4 MuiTypography-h6"
            >
              Sam Huynh
            </h6>
            <div
              class="MuiGrid-root makeStyles-emptySpace-6"
            />
            <h6
              class="MuiTypography-root MuiTypography-h6"
            >
              <a
                class="makeStyles-link-5"
                href="/"
              >
                Home
              </a>
            </h6>
            <h6
              class="MuiTypography-root MuiTypography-h6"
            >
              <a
                class="makeStyles-link-5"
                href="/blog"
              >
                Blog
              </a>
            </h6>
            <h6
              class="MuiTypography-root MuiTypography-h6"
            >
              <a
                class="makeStyles-link-5"
                href="/resume"
              >
                Resume
              </a>
            </h6>
            
          </div>
        </header>
        <main
          class="MuiContainer-root makeStyles-main-2 MuiContainer-maxWidthMd"
        >
          <div
            class="MuiGrid-root MuiGrid-container MuiGrid-direction-xs-column MuiGrid-align-items-xs-center MuiGrid-justify-content-xs-center"
          >
            <h1>
              This is a test!
            </h1>
          </div>
        </main>
        <footer
          class="makeStyles-footer-7"
        >
          <div
            class="MuiContainer-root MuiContainer-maxWidthMd"
          >
            <p
              class="MuiTypography-root MuiTypography-body2 MuiTypography-paragraph"
            >
              © 2021 
              <a
                href="https://github.com/samhwang"
              >
                Sam Huynh
              </a>
              . Built with 
              <a
                href="https://www.gatsbyjs.org/"
              >
                GatsbyJS
              </a>
               and hosted on 
              <a
                href="https://pages.github.com/"
              >
                GitHub Pages.
              </a>
            </p>
          </div>
        </footer>
      </div>
    </div>
  </body>,
  "container": <div>
    <div
      class="makeStyles-root-1"
    >
      <header
        class="MuiPaper-root MuiAppBar-root MuiAppBar-positionStatic MuiAppBar-colorPrimary MuiPaper-elevation4"
      >
        <div
          class="MuiToolbar-root MuiToolbar-regular MuiToolbar-gutters"
        >
          <h6
            class="MuiTypography-root makeStyles-title-4 MuiTypography-h6"
          >
            Sam Huynh
          </h6>
          <div
            class="MuiGrid-root makeStyles-emptySpace-6"
          />
          <h6
            class="MuiTypography-root MuiTypography-h6"
          >
            <a
              class="makeStyles-link-5"
              href="/"
            >
              Home
            </a>
          </h6>
          <h6
            class="MuiTypography-root MuiTypography-h6"
          >
            <a
              class="makeStyles-link-5"
              href="/blog"
            >
              Blog
            </a>
          </h6>
          <h6
            class="MuiTypography-root MuiTypography-h6"
          >
            <a
              class="makeStyles-link-5"
              href="/resume"
            >
              Resume
            </a>
          </h6>
          
        </div>
      </header>
      <main
        class="MuiContainer-root makeStyles-main-2 MuiContainer-maxWidthMd"
      >
        <div
          class="MuiGrid-root MuiGrid-container MuiGrid-direction-xs-column MuiGrid-align-items-xs-center MuiGrid-justify-content-xs-center"
        >
          <h1>
            This is a test!
          </h1>
        </div>
      </main>
      <footer
        class="makeStyles-footer-7"
      >
        <div
          class="MuiContainer-root MuiContainer-maxWidthMd"
        >
          <p
            class="MuiTypography-root MuiTypography-body2 MuiTypography-paragraph"
          >
            © 2021 
            <a
              href="https://github.com/samhwang"
            >
              Sam Huynh
            </a>
            . Built with 
            <a
              href="https://www.gatsbyjs.org/"
            >
              GatsbyJS
            </a>
             and hosted on 
            <a
              href="https://pages.github.com/"
            >
              GitHub Pages.
            </a>
          </p>
        </div>
      </footer>
    </div>
  </div>,
  "debug": [Function],
  "findAllByAltText": [Function],
  "findAllByDisplayValue": [Function],
  "findAllByLabelText": [Function],
  "findAllByPlaceholderText": [Function],
  "findAllByRole": [Function],
  "findAllByTestId": [Function],
  "findAllByText": [Function],
  "findAllByTitle": [Function],
  "findByAltText": [Function],
  "findByDisplayValue": [Function],
  "findByLabelText": [Function],
  "findByPlaceholderText": [Function],
  "findByRole": [Function],
  "findByTestId": [Function],
  "findByText": [Function],
  "findByTitle": [Function],
  "getAllByAltText": [Function],
  "getAllByDisplayValue": [Function],
  "getAllByLabelText": [Function],
  "getAllByPlaceholderText": [Function],
  "getAllByRole": [Function],
  "getAllByTestId": [Function],
  "getAllByText": [Function],
  "getAllByTitle": [Function],
  "getByAltText": [Function],
  "getByDisplayValue": [Function],
  "getByLabelText": [Function],
  "getByPlaceholderText": [Function],
  "getByRole": [Function],
  "getByTestId": [Function],
  "getByText": [Function],
  "getByTitle": [Function],
  "queryAllByAltText": [Function],
  "queryAllByDisplayValue": [Function],
  "queryAllByLabelText": [Function],
  "queryAllByPlaceholderText": [Function],
  "queryAllByRole": [Function],
  "queryAllByTestId": [Function],
  "queryAllByText": [Function],
  "queryAllByTitle": [Function],
  "queryByAltText": [Function],
  "queryByDisplayValue": [Function],
  "queryByLabelText": [Function],
  "queryByPlaceholderText": [Function],
  "queryByRole": [Function],
  "queryByTestId": [Function],
  "queryByText": [Function],
  "queryByTitle": [Function],
  "rerender": [Function],
  "unmount": [Function],
}
`;
