// Jest Snapshot v1, https://goo.gl/fbAQLP

exports[`Skill Section Component Should render without crashing and match snapshot 1`] = `
<section
  className="resume-section p-3 p-lg-5 d-flex align-items-center"
  id="skills"
>
  <div
    className="w-100"
  >
    <h2
      className="mb-5"
    >
      Skills and Proficiency
    </h2>
    <div
      className="subheading mb-3"
    >
      asdfasdf
    </div>
    <ul>
      <li>
        asdfasdf1234
      </li>
    </ul>
    <ul
      className="list-inline dev-icons"
    >
      <li
        className="list-inline-item"
      />
    </ul>
  </div>
</section>
`;
