// Jest Snapshot v1, https://goo.gl/fbAQLP

exports[`Skill Component Should render without crashing and match snapshot 1`] = `
Array [
  <div
    className="subheading mb-3"
  >
    asdfasdf
  </div>,
  <ul>
    <li>
      asdfasdf1234
    </li>
  </ul>,
]
`;
