// Jest Snapshot v1, https://goo.gl/fbAQLP

exports[`Footer Should render without crashing and match snapshot 1`] = `
Object {
  "asFragment": [Function],
  "baseElement": <body>
    <div>
      <footer
        class="makeStyles-footer-1"
      >
        <div
          class="MuiContainer-root MuiContainer-maxWidthMd"
        >
          <p
            class="MuiTypography-root MuiTypography-body2 MuiTypography-paragraph"
          >
            © 2021 
            <a
              href="https://github.com/samhwang"
            >
              Sam Huynh
            </a>
            . Built with 
            <a
              href="https://www.gatsbyjs.org/"
            >
              GatsbyJS
            </a>
             and hosted on 
            <a
              href="https://pages.github.com/"
            >
              GitHub Pages.
            </a>
          </p>
        </div>
      </footer>
    </div>
  </body>,
  "container": <div>
    <footer
      class="makeStyles-footer-1"
    >
      <div
        class="MuiContainer-root MuiContainer-maxWidthMd"
      >
        <p
          class="MuiTypography-root MuiTypography-body2 MuiTypography-paragraph"
        >
          © 2021 
          <a
            href="https://github.com/samhwang"
          >
            Sam Huynh
          </a>
          . Built with 
          <a
            href="https://www.gatsbyjs.org/"
          >
            GatsbyJS
          </a>
           and hosted on 
          <a
            href="https://pages.github.com/"
          >
            GitHub Pages.
          </a>
        </p>
      </div>
    </footer>
  </div>,
  "debug": [Function],
  "findAllByAltText": [Function],
  "findAllByDisplayValue": [Function],
  "findAllByLabelText": [Function],
  "findAllByPlaceholderText": [Function],
  "findAllByRole": [Function],
  "findAllByTestId": [Function],
  "findAllByText": [Function],
  "findAllByTitle": [Function],
  "findByAltText": [Function],
  "findByDisplayValue": [Function],
  "findByLabelText": [Function],
  "findByPlaceholderText": [Function],
  "findByRole": [Function],
  "findByTestId": [Function],
  "findByText": [Function],
  "findByTitle": [Function],
  "getAllByAltText": [Function],
  "getAllByDisplayValue": [Function],
  "getAllByLabelText": [Function],
  "getAllByPlaceholderText": [Function],
  "getAllByRole": [Function],
  "getAllByTestId": [Function],
  "getAllByText": [Function],
  "getAllByTitle": [Function],
  "getByAltText": [Function],
  "getByDisplayValue": [Function],
  "getByLabelText": [Function],
  "getByPlaceholderText": [Function],
  "getByRole": [Function],
  "getByTestId": [Function],
  "getByText": [Function],
  "getByTitle": [Function],
  "queryAllByAltText": [Function],
  "queryAllByDisplayValue": [Function],
  "queryAllByLabelText": [Function],
  "queryAllByPlaceholderText": [Function],
  "queryAllByRole": [Function],
  "queryAllByTestId": [Function],
  "queryAllByText": [Function],
  "queryAllByTitle": [Function],
  "queryByAltText": [Function],
  "queryByDisplayValue": [Function],
  "queryByLabelText": [Function],
  "queryByPlaceholderText": [Function],
  "queryByRole": [Function],
  "queryByTestId": [Function],
  "queryByText": [Function],
  "queryByTitle": [Function],
  "rerender": [Function],
  "unmount": [Function],
}
`;
